[INFO] Scanning for projects...
[INFO] 
[INFO] --------------------< com.rev.app:P2_Rev_Workforce >--------------------
[INFO] Building P2_Rev_Workforce 0.0.1-SNAPSHOT
[INFO]   from pom.xml
[INFO] --------------------------------[ jar ]---------------------------------
[INFO] 
[INFO] --- resources:3.3.1:resources (default-resources) @ P2_Rev_Workforce ---
[INFO] Copying 1 resource from src\main\resources to target\classes
[INFO] Copying 44 resources from src\main\resources to target\classes
[INFO] 
[INFO] --- compiler:3.13.0:compile (default-compile) @ P2_Rev_Workforce ---
[INFO] Nothing to compile - all classes are up to date.
[INFO] ------------------------------------------------------------------------
[INFO] BUILD SUCCESS
[INFO] ------------------------------------------------------------------------
[INFO] Total time:  1.378 s
[INFO] Finished at: 2026-03-02T21:47:31+05:30
[INFO] ------------------------------------------------------------------------
